--- case aligned ---
Trace/0: Instance node instantiated.
Trace/0: Entering initialization mode.
Trace/0: Entering event mode.
Trace/0: Get TX clock of 1
Trace/0: Get TX buffer of 23 bytes
Trace/0: Ending super dense time step.
Trace/0: Entering step mode.
Trace/0: Doing step at 0.000000 of 0.100000 seconds.
Trace/0: Doing step at 0.100000 of 0.100000 seconds.
Trace/0: Doing step at 0.200000 of 0.100000 seconds.
Info/0: Transmitting CAN frame with ID 1 at internal time 0.300000
Trace/0: Entering event mode.
Trace/0: Get TX clock of 1
Trace/0: Get TX buffer of 20 bytes
Trace/0: Ending super dense time step.
Trace/0: Entering step mode.
Trace/0: Doing step at 0.300000 of 0.100000 seconds.
Trace/0: Doing step at 0.400000 of 0.100000 seconds.
Trace/0: Doing step at 0.500000 of 0.100000 seconds.
Info/0: Transmitting CAN frame with ID 1 at internal time 0.600000
Trace/0: Entering event mode.
Trace/0: Get TX clock of 1
Trace/0: Get TX buffer of 20 bytes
Trace/0: Ending super dense time step.
Trace/0: Entering step mode.
Trace/0: Doing step at 0.600000 of 0.100000 seconds.
Trace/0: Doing step at 0.700000 of 0.100000 seconds.
Trace/0: Doing step at 0.800000 of 0.100000 seconds.
Info/0: Transmitting CAN frame with ID 1 at internal time 0.900000
Trace/0: Entering event mode.
Trace/0: Get TX clock of 1
Trace/0: Get TX buffer of 20 bytes
Trace/0: Ending super dense time step.
Trace/0: Entering step mode.
Trace/0: Doing step at 0.900000 of 0.100000 seconds.
Trace/0: Terminating.
Trace/0: Instance node freed.
--- case quantised ---
Trace/0: Instance node instantiated.
Trace/0: Entering initialization mode.
Trace/0: Entering event mode.
Trace/0: Get TX clock of 1
Trace/0: Get TX buffer of 23 bytes
Trace/0: Ending super dense time step.
Trace/0: Entering step mode.
Trace/0: Doing step at 0.000000 of 0.250000 seconds.
Trace/0: Doing step at 0.250000 of 0.250000 seconds.
Info/0: Transmitting CAN frame with ID 1 at internal time 0.300000
Trace/0: Entering event mode.
Trace/0: Get TX clock of 1
Trace/0: Get TX buffer of 20 bytes
Trace/0: Ending super dense time step.
Trace/0: Entering step mode.
Trace/0: Doing step at 0.500000 of 0.250000 seconds.
Info/0: Transmitting CAN frame with ID 1 at internal time 0.600000
Trace/0: Entering event mode.
Trace/0: Get TX clock of 1
Trace/0: Get TX buffer of 20 bytes
Trace/0: Ending super dense time step.
Trace/0: Entering step mode.
Trace/0: Doing step at 0.750000 of 0.250000 seconds.
Info/0: Transmitting CAN frame with ID 1 at internal time 0.900000
Trace/0: Entering event mode.
Trace/0: Get TX clock of 1
Trace/0: Get TX buffer of 20 bytes
Trace/0: Ending super dense time step.
Trace/0: Entering step mode.
Trace/0: Terminating.
Trace/0: Instance node freed.
