fmu: Instance DemoCanNodeTriggeredOutput instantiated.
fmu: Entering initialization mode.
fmu: Entering event mode.
fmu: Instance DemoCanNodeTriggeredOutput instantiated.
fmu: Entering initialization mode.
fmu: Entering event mode.
fmu: Get TX clock of 1
fmu: Get TX buffer of 23 bytes
fmu: Ending super dense time step.
fmu: Get TX clock of 0
fmu: Get TX clock of 1
fmu: Get TX buffer of 23 bytes
fmu: Ending super dense time step.
fmu: Get TX clock of 0
fmu: Entering step mode.
fmu: Entering step mode.
fmu: Doing step at 0.000000 of 0.001000 seconds.
fmu: Doing step at 0.000000 of 0.001000 seconds.
fmu: Doing step at 0.001000 of 0.001000 seconds.
fmu: Doing step at 0.001000 of 0.001000 seconds.
fmu: Doing step at 0.002000 of 0.001000 seconds.
fmu: Doing step at 0.002000 of 0.001000 seconds.
fmu: Doing step at 0.003000 of 0.001000 seconds.
fmu: Doing step at 0.003000 of 0.001000 seconds.
fmu: Doing step at 0.004000 of 0.001000 seconds.
fmu: Doing step at 0.004000 of 0.001000 seconds.
fmu: Doing step at 0.005000 of 0.001000 seconds.
fmu: Doing step at 0.005000 of 0.001000 seconds.
fmu: Doing step at 0.006000 of 0.001000 seconds.
fmu: Doing step at 0.006000 of 0.001000 seconds.
fmu: Doing step at 0.007000 of 0.001000 seconds.
fmu: Doing step at 0.007000 of 0.001000 seconds.
fmu: Doing step at 0.008000 of 0.001000 seconds.
fmu: Doing step at 0.008000 of 0.001000 seconds.
fmu: Doing step at 0.009000 of 0.001000 seconds.
fmu: Doing step at 0.009000 of 0.001000 seconds.
fmu: Doing step at 0.010000 of 0.001000 seconds.
fmu: Doing step at 0.010000 of 0.001000 seconds.
fmu: Doing step at 0.011000 of 0.001000 seconds.
fmu: Doing step at 0.011000 of 0.001000 seconds.
fmu: Doing step at 0.012000 of 0.001000 seconds.
fmu: Doing step at 0.012000 of 0.001000 seconds.
fmu: Doing step at 0.013000 of 0.001000 seconds.
fmu: Doing step at 0.013000 of 0.001000 seconds.
fmu: Doing step at 0.014000 of 0.001000 seconds.
fmu: Doing step at 0.014000 of 0.001000 seconds.
fmu: Doing step at 0.015000 of 0.001000 seconds.
fmu: Doing step at 0.015000 of 0.001000 seconds.
fmu: Doing step at 0.016000 of 0.001000 seconds.
fmu: Doing step at 0.016000 of 0.001000 seconds.
fmu: Doing step at 0.017000 of 0.001000 seconds.
fmu: Doing step at 0.017000 of 0.001000 seconds.
fmu: Doing step at 0.018000 of 0.001000 seconds.
fmu: Doing step at 0.018000 of 0.001000 seconds.
fmu: Doing step at 0.019000 of 0.001000 seconds.
fmu: Doing step at 0.019000 of 0.001000 seconds.
fmu: Doing step at 0.020000 of 0.001000 seconds.
fmu: Doing step at 0.020000 of 0.001000 seconds.
fmu: Doing step at 0.021000 of 0.001000 seconds.
fmu: Doing step at 0.021000 of 0.001000 seconds.
fmu: Doing step at 0.022000 of 0.001000 seconds.
fmu: Doing step at 0.022000 of 0.001000 seconds.
fmu: Doing step at 0.023000 of 0.001000 seconds.
fmu: Doing step at 0.023000 of 0.001000 seconds.
fmu: Doing step at 0.024000 of 0.001000 seconds.
fmu: Doing step at 0.024000 of 0.001000 seconds.
fmu: Doing step at 0.025000 of 0.001000 seconds.
fmu: Doing step at 0.025000 of 0.001000 seconds.
fmu: Doing step at 0.026000 of 0.001000 seconds.
fmu: Doing step at 0.026000 of 0.001000 seconds.
fmu: Doing step at 0.027000 of 0.001000 seconds.
fmu: Doing step at 0.027000 of 0.001000 seconds.
fmu: Doing step at 0.028000 of 0.001000 seconds.
fmu: Doing step at 0.028000 of 0.001000 seconds.
fmu: Doing step at 0.029000 of 0.001000 seconds.
fmu: Doing step at 0.029000 of 0.001000 seconds.
fmu: Doing step at 0.030000 of 0.001000 seconds.
fmu: Doing step at 0.030000 of 0.001000 seconds.
fmu: Doing step at 0.031000 of 0.001000 seconds.
fmu: Doing step at 0.031000 of 0.001000 seconds.
fmu: Doing step at 0.032000 of 0.001000 seconds.
fmu: Doing step at 0.032000 of 0.001000 seconds.
fmu: Doing step at 0.033000 of 0.001000 seconds.
fmu: Doing step at 0.033000 of 0.001000 seconds.
fmu: Doing step at 0.034000 of 0.001000 seconds.
fmu: Doing step at 0.034000 of 0.001000 seconds.
fmu: Doing step at 0.035000 of 0.001000 seconds.
fmu: Doing step at 0.035000 of 0.001000 seconds.
fmu: Doing step at 0.036000 of 0.001000 seconds.
fmu: Doing step at 0.036000 of 0.001000 seconds.
fmu: Doing step at 0.037000 of 0.001000 seconds.
fmu: Doing step at 0.037000 of 0.001000 seconds.
fmu: Doing step at 0.038000 of 0.001000 seconds.
fmu: Doing step at 0.038000 of 0.001000 seconds.
fmu: Doing step at 0.039000 of 0.001000 seconds.
fmu: Doing step at 0.039000 of 0.001000 seconds.
fmu: Doing step at 0.040000 of 0.001000 seconds.
fmu: Doing step at 0.040000 of 0.001000 seconds.
fmu: Doing step at 0.041000 of 0.001000 seconds.
fmu: Doing step at 0.041000 of 0.001000 seconds.
fmu: Doing step at 0.042000 of 0.001000 seconds.
fmu: Doing step at 0.042000 of 0.001000 seconds.
fmu: Doing step at 0.043000 of 0.001000 seconds.
fmu: Doing step at 0.043000 of 0.001000 seconds.
fmu: Doing step at 0.044000 of 0.001000 seconds.
fmu: Doing step at 0.044000 of 0.001000 seconds.
fmu: Doing step at 0.045000 of 0.001000 seconds.
fmu: Doing step at 0.045000 of 0.001000 seconds.
fmu: Doing step at 0.046000 of 0.001000 seconds.
fmu: Doing step at 0.046000 of 0.001000 seconds.
fmu: Doing step at 0.047000 of 0.001000 seconds.
fmu: Doing step at 0.047000 of 0.001000 seconds.
fmu: Doing step at 0.048000 of 0.001000 seconds.
fmu: Doing step at 0.048000 of 0.001000 seconds.
fmu: Doing step at 0.049000 of 0.001000 seconds.
fmu: Doing step at 0.049000 of 0.001000 seconds.
fmu: Doing step at 0.050000 of 0.001000 seconds.
fmu: Doing step at 0.050000 of 0.001000 seconds.
fmu: Doing step at 0.051000 of 0.001000 seconds.
fmu: Doing step at 0.051000 of 0.001000 seconds.
fmu: Doing step at 0.052000 of 0.001000 seconds.
fmu: Doing step at 0.052000 of 0.001000 seconds.
fmu: Doing step at 0.053000 of 0.001000 seconds.
fmu: Doing step at 0.053000 of 0.001000 seconds.
fmu: Doing step at 0.054000 of 0.001000 seconds.
fmu: Doing step at 0.054000 of 0.001000 seconds.
fmu: Doing step at 0.055000 of 0.001000 seconds.
fmu: Doing step at 0.055000 of 0.001000 seconds.
fmu: Doing step at 0.056000 of 0.001000 seconds.
fmu: Doing step at 0.056000 of 0.001000 seconds.
fmu: Doing step at 0.057000 of 0.001000 seconds.
fmu: Doing step at 0.057000 of 0.001000 seconds.
fmu: Doing step at 0.058000 of 0.001000 seconds.
fmu: Doing step at 0.058000 of 0.001000 seconds.
fmu: Doing step at 0.059000 of 0.001000 seconds.
fmu: Doing step at 0.059000 of 0.001000 seconds.
fmu: Doing step at 0.060000 of 0.001000 seconds.
fmu: Doing step at 0.060000 of 0.001000 seconds.
fmu: Doing step at 0.061000 of 0.001000 seconds.
fmu: Doing step at 0.061000 of 0.001000 seconds.
fmu: Doing step at 0.062000 of 0.001000 seconds.
fmu: Doing step at 0.062000 of 0.001000 seconds.
fmu: Doing step at 0.063000 of 0.001000 seconds.
fmu: Doing step at 0.063000 of 0.001000 seconds.
fmu: Doing step at 0.064000 of 0.001000 seconds.
fmu: Doing step at 0.064000 of 0.001000 seconds.
fmu: Doing step at 0.065000 of 0.001000 seconds.
fmu: Doing step at 0.065000 of 0.001000 seconds.
fmu: Doing step at 0.066000 of 0.001000 seconds.
fmu: Doing step at 0.066000 of 0.001000 seconds.
fmu: Doing step at 0.067000 of 0.001000 seconds.
fmu: Doing step at 0.067000 of 0.001000 seconds.
fmu: Doing step at 0.068000 of 0.001000 seconds.
fmu: Doing step at 0.068000 of 0.001000 seconds.
fmu: Doing step at 0.069000 of 0.001000 seconds.
fmu: Doing step at 0.069000 of 0.001000 seconds.
fmu: Doing step at 0.070000 of 0.001000 seconds.
fmu: Doing step at 0.070000 of 0.001000 seconds.
fmu: Doing step at 0.071000 of 0.001000 seconds.
fmu: Doing step at 0.071000 of 0.001000 seconds.
fmu: Doing step at 0.072000 of 0.001000 seconds.
fmu: Doing step at 0.072000 of 0.001000 seconds.
fmu: Doing step at 0.073000 of 0.001000 seconds.
fmu: Doing step at 0.073000 of 0.001000 seconds.
fmu: Doing step at 0.074000 of 0.001000 seconds.
fmu: Doing step at 0.074000 of 0.001000 seconds.
fmu: Doing step at 0.075000 of 0.001000 seconds.
fmu: Doing step at 0.075000 of 0.001000 seconds.
fmu: Doing step at 0.076000 of 0.001000 seconds.
fmu: Doing step at 0.076000 of 0.001000 seconds.
fmu: Doing step at 0.077000 of 0.001000 seconds.
fmu: Doing step at 0.077000 of 0.001000 seconds.
fmu: Doing step at 0.078000 of 0.001000 seconds.
fmu: Doing step at 0.078000 of 0.001000 seconds.
fmu: Doing step at 0.079000 of 0.001000 seconds.
fmu: Doing step at 0.079000 of 0.001000 seconds.
fmu: Doing step at 0.080000 of 0.001000 seconds.
fmu: Doing step at 0.080000 of 0.001000 seconds.
fmu: Doing step at 0.081000 of 0.001000 seconds.
fmu: Doing step at 0.081000 of 0.001000 seconds.
fmu: Doing step at 0.082000 of 0.001000 seconds.
fmu: Doing step at 0.082000 of 0.001000 seconds.
fmu: Doing step at 0.083000 of 0.001000 seconds.
fmu: Doing step at 0.083000 of 0.001000 seconds.
fmu: Doing step at 0.084000 of 0.001000 seconds.
fmu: Doing step at 0.084000 of 0.001000 seconds.
fmu: Doing step at 0.085000 of 0.001000 seconds.
fmu: Doing step at 0.085000 of 0.001000 seconds.
fmu: Doing step at 0.086000 of 0.001000 seconds.
fmu: Doing step at 0.086000 of 0.001000 seconds.
fmu: Doing step at 0.087000 of 0.001000 seconds.
fmu: Doing step at 0.087000 of 0.001000 seconds.
fmu: Doing step at 0.088000 of 0.001000 seconds.
fmu: Doing step at 0.088000 of 0.001000 seconds.
fmu: Doing step at 0.089000 of 0.001000 seconds.
fmu: Doing step at 0.089000 of 0.001000 seconds.
fmu: Doing step at 0.090000 of 0.001000 seconds.
fmu: Doing step at 0.090000 of 0.001000 seconds.
fmu: Doing step at 0.091000 of 0.001000 seconds.
fmu: Doing step at 0.091000 of 0.001000 seconds.
fmu: Doing step at 0.092000 of 0.001000 seconds.
fmu: Doing step at 0.092000 of 0.001000 seconds.
fmu: Doing step at 0.093000 of 0.001000 seconds.
fmu: Doing step at 0.093000 of 0.001000 seconds.
fmu: Doing step at 0.094000 of 0.001000 seconds.
fmu: Doing step at 0.094000 of 0.001000 seconds.
fmu: Doing step at 0.095000 of 0.001000 seconds.
fmu: Doing step at 0.095000 of 0.001000 seconds.
fmu: Doing step at 0.096000 of 0.001000 seconds.
fmu: Doing step at 0.096000 of 0.001000 seconds.
fmu: Doing step at 0.097000 of 0.001000 seconds.
fmu: Doing step at 0.097000 of 0.001000 seconds.
fmu: Doing step at 0.098000 of 0.001000 seconds.
fmu: Doing step at 0.098000 of 0.001000 seconds.
fmu: Doing step at 0.099000 of 0.001000 seconds.
fmu: Doing step at 0.099000 of 0.001000 seconds.
fmu: Doing step at 0.100000 of 0.001000 seconds.
fmu: Doing step at 0.100000 of 0.001000 seconds.
fmu: Doing step at 0.101000 of 0.001000 seconds.
fmu: Doing step at 0.101000 of 0.001000 seconds.
fmu: Doing step at 0.102000 of 0.001000 seconds.
fmu: Doing step at 0.102000 of 0.001000 seconds.
fmu: Doing step at 0.103000 of 0.001000 seconds.
fmu: Doing step at 0.103000 of 0.001000 seconds.
fmu: Doing step at 0.104000 of 0.001000 seconds.
fmu: Doing step at 0.104000 of 0.001000 seconds.
fmu: Doing step at 0.105000 of 0.001000 seconds.
fmu: Doing step at 0.105000 of 0.001000 seconds.
fmu: Doing step at 0.106000 of 0.001000 seconds.
fmu: Doing step at 0.106000 of 0.001000 seconds.
fmu: Doing step at 0.107000 of 0.001000 seconds.
fmu: Doing step at 0.107000 of 0.001000 seconds.
fmu: Doing step at 0.108000 of 0.001000 seconds.
fmu: Doing step at 0.108000 of 0.001000 seconds.
fmu: Doing step at 0.109000 of 0.001000 seconds.
fmu: Doing step at 0.109000 of 0.001000 seconds.
fmu: Doing step at 0.110000 of 0.001000 seconds.
fmu: Doing step at 0.110000 of 0.001000 seconds.
fmu: Doing step at 0.111000 of 0.001000 seconds.
fmu: Doing step at 0.111000 of 0.001000 seconds.
fmu: Doing step at 0.112000 of 0.001000 seconds.
fmu: Doing step at 0.112000 of 0.001000 seconds.
fmu: Doing step at 0.113000 of 0.001000 seconds.
fmu: Doing step at 0.113000 of 0.001000 seconds.
fmu: Doing step at 0.114000 of 0.001000 seconds.
fmu: Doing step at 0.114000 of 0.001000 seconds.
fmu: Doing step at 0.115000 of 0.001000 seconds.
fmu: Doing step at 0.115000 of 0.001000 seconds.
fmu: Doing step at 0.116000 of 0.001000 seconds.
fmu: Doing step at 0.116000 of 0.001000 seconds.
fmu: Doing step at 0.117000 of 0.001000 seconds.
fmu: Doing step at 0.117000 of 0.001000 seconds.
fmu: Doing step at 0.118000 of 0.001000 seconds.
fmu: Doing step at 0.118000 of 0.001000 seconds.
fmu: Doing step at 0.119000 of 0.001000 seconds.
fmu: Doing step at 0.119000 of 0.001000 seconds.
fmu: Doing step at 0.120000 of 0.001000 seconds.
fmu: Doing step at 0.120000 of 0.001000 seconds.
fmu: Doing step at 0.121000 of 0.001000 seconds.
fmu: Doing step at 0.121000 of 0.001000 seconds.
fmu: Doing step at 0.122000 of 0.001000 seconds.
fmu: Doing step at 0.122000 of 0.001000 seconds.
fmu: Doing step at 0.123000 of 0.001000 seconds.
fmu: Doing step at 0.123000 of 0.001000 seconds.
fmu: Doing step at 0.124000 of 0.001000 seconds.
fmu: Doing step at 0.124000 of 0.001000 seconds.
fmu: Doing step at 0.125000 of 0.001000 seconds.
fmu: Doing step at 0.125000 of 0.001000 seconds.
fmu: Doing step at 0.126000 of 0.001000 seconds.
fmu: Doing step at 0.126000 of 0.001000 seconds.
fmu: Doing step at 0.127000 of 0.001000 seconds.
fmu: Doing step at 0.127000 of 0.001000 seconds.
fmu: Doing step at 0.128000 of 0.001000 seconds.
fmu: Doing step at 0.128000 of 0.001000 seconds.
fmu: Doing step at 0.129000 of 0.001000 seconds.
fmu: Doing step at 0.129000 of 0.001000 seconds.
fmu: Doing step at 0.130000 of 0.001000 seconds.
fmu: Doing step at 0.130000 of 0.001000 seconds.
fmu: Doing step at 0.131000 of 0.001000 seconds.
fmu: Doing step at 0.131000 of 0.001000 seconds.
fmu: Doing step at 0.132000 of 0.001000 seconds.
fmu: Doing step at 0.132000 of 0.001000 seconds.
fmu: Doing step at 0.133000 of 0.001000 seconds.
fmu: Doing step at 0.133000 of 0.001000 seconds.
fmu: Doing step at 0.134000 of 0.001000 seconds.
fmu: Doing step at 0.134000 of 0.001000 seconds.
fmu: Doing step at 0.135000 of 0.001000 seconds.
fmu: Doing step at 0.135000 of 0.001000 seconds.
fmu: Doing step at 0.136000 of 0.001000 seconds.
fmu: Doing step at 0.136000 of 0.001000 seconds.
fmu: Doing step at 0.137000 of 0.001000 seconds.
fmu: Doing step at 0.137000 of 0.001000 seconds.
fmu: Doing step at 0.138000 of 0.001000 seconds.
fmu: Doing step at 0.138000 of 0.001000 seconds.
fmu: Doing step at 0.139000 of 0.001000 seconds.
fmu: Doing step at 0.139000 of 0.001000 seconds.
fmu: Doing step at 0.140000 of 0.001000 seconds.
fmu: Doing step at 0.140000 of 0.001000 seconds.
fmu: Doing step at 0.141000 of 0.001000 seconds.
fmu: Doing step at 0.141000 of 0.001000 seconds.
fmu: Doing step at 0.142000 of 0.001000 seconds.
fmu: Doing step at 0.142000 of 0.001000 seconds.
fmu: Doing step at 0.143000 of 0.001000 seconds.
fmu: Doing step at 0.143000 of 0.001000 seconds.
fmu: Doing step at 0.144000 of 0.001000 seconds.
fmu: Doing step at 0.144000 of 0.001000 seconds.
fmu: Doing step at 0.145000 of 0.001000 seconds.
fmu: Doing step at 0.145000 of 0.001000 seconds.
fmu: Doing step at 0.146000 of 0.001000 seconds.
fmu: Doing step at 0.146000 of 0.001000 seconds.
fmu: Doing step at 0.147000 of 0.001000 seconds.
fmu: Doing step at 0.147000 of 0.001000 seconds.
fmu: Doing step at 0.148000 of 0.001000 seconds.
fmu: Doing step at 0.148000 of 0.001000 seconds.
fmu: Doing step at 0.149000 of 0.001000 seconds.
fmu: Doing step at 0.149000 of 0.001000 seconds.
fmu: Doing step at 0.150000 of 0.001000 seconds.
fmu: Doing step at 0.150000 of 0.001000 seconds.
fmu: Doing step at 0.151000 of 0.001000 seconds.
fmu: Doing step at 0.151000 of 0.001000 seconds.
fmu: Doing step at 0.152000 of 0.001000 seconds.
fmu: Doing step at 0.152000 of 0.001000 seconds.
fmu: Doing step at 0.153000 of 0.001000 seconds.
fmu: Doing step at 0.153000 of 0.001000 seconds.
fmu: Doing step at 0.154000 of 0.001000 seconds.
fmu: Doing step at 0.154000 of 0.001000 seconds.
fmu: Doing step at 0.155000 of 0.001000 seconds.
fmu: Doing step at 0.155000 of 0.001000 seconds.
fmu: Doing step at 0.156000 of 0.001000 seconds.
fmu: Doing step at 0.156000 of 0.001000 seconds.
fmu: Doing step at 0.157000 of 0.001000 seconds.
fmu: Doing step at 0.157000 of 0.001000 seconds.
fmu: Doing step at 0.158000 of 0.001000 seconds.
fmu: Doing step at 0.158000 of 0.001000 seconds.
fmu: Doing step at 0.159000 of 0.001000 seconds.
fmu: Doing step at 0.159000 of 0.001000 seconds.
fmu: Doing step at 0.160000 of 0.001000 seconds.
fmu: Doing step at 0.160000 of 0.001000 seconds.
fmu: Doing step at 0.161000 of 0.001000 seconds.
fmu: Doing step at 0.161000 of 0.001000 seconds.
fmu: Doing step at 0.162000 of 0.001000 seconds.
fmu: Doing step at 0.162000 of 0.001000 seconds.
fmu: Doing step at 0.163000 of 0.001000 seconds.
fmu: Doing step at 0.163000 of 0.001000 seconds.
fmu: Doing step at 0.164000 of 0.001000 seconds.
fmu: Doing step at 0.164000 of 0.001000 seconds.
fmu: Doing step at 0.165000 of 0.001000 seconds.
fmu: Doing step at 0.165000 of 0.001000 seconds.
fmu: Doing step at 0.166000 of 0.001000 seconds.
fmu: Doing step at 0.166000 of 0.001000 seconds.
fmu: Doing step at 0.167000 of 0.001000 seconds.
fmu: Doing step at 0.167000 of 0.001000 seconds.
fmu: Doing step at 0.168000 of 0.001000 seconds.
fmu: Doing step at 0.168000 of 0.001000 seconds.
fmu: Doing step at 0.169000 of 0.001000 seconds.
fmu: Doing step at 0.169000 of 0.001000 seconds.
fmu: Doing step at 0.170000 of 0.001000 seconds.
fmu: Doing step at 0.170000 of 0.001000 seconds.
fmu: Doing step at 0.171000 of 0.001000 seconds.
fmu: Doing step at 0.171000 of 0.001000 seconds.
fmu: Doing step at 0.172000 of 0.001000 seconds.
fmu: Doing step at 0.172000 of 0.001000 seconds.
fmu: Doing step at 0.173000 of 0.001000 seconds.
fmu: Doing step at 0.173000 of 0.001000 seconds.
fmu: Doing step at 0.174000 of 0.001000 seconds.
fmu: Doing step at 0.174000 of 0.001000 seconds.
fmu: Doing step at 0.175000 of 0.001000 seconds.
fmu: Doing step at 0.175000 of 0.001000 seconds.
fmu: Doing step at 0.176000 of 0.001000 seconds.
fmu: Doing step at 0.176000 of 0.001000 seconds.
fmu: Doing step at 0.177000 of 0.001000 seconds.
fmu: Doing step at 0.177000 of 0.001000 seconds.
fmu: Doing step at 0.178000 of 0.001000 seconds.
fmu: Doing step at 0.178000 of 0.001000 seconds.
fmu: Doing step at 0.179000 of 0.001000 seconds.
fmu: Doing step at 0.179000 of 0.001000 seconds.
fmu: Doing step at 0.180000 of 0.001000 seconds.
fmu: Doing step at 0.180000 of 0.001000 seconds.
fmu: Doing step at 0.181000 of 0.001000 seconds.
fmu: Doing step at 0.181000 of 0.001000 seconds.
fmu: Doing step at 0.182000 of 0.001000 seconds.
fmu: Doing step at 0.182000 of 0.001000 seconds.
fmu: Doing step at 0.183000 of 0.001000 seconds.
fmu: Doing step at 0.183000 of 0.001000 seconds.
fmu: Doing step at 0.184000 of 0.001000 seconds.
fmu: Doing step at 0.184000 of 0.001000 seconds.
fmu: Doing step at 0.185000 of 0.001000 seconds.
fmu: Doing step at 0.185000 of 0.001000 seconds.
fmu: Doing step at 0.186000 of 0.001000 seconds.
fmu: Doing step at 0.186000 of 0.001000 seconds.
fmu: Doing step at 0.187000 of 0.001000 seconds.
fmu: Doing step at 0.187000 of 0.001000 seconds.
fmu: Doing step at 0.188000 of 0.001000 seconds.
fmu: Doing step at 0.188000 of 0.001000 seconds.
fmu: Doing step at 0.189000 of 0.001000 seconds.
fmu: Doing step at 0.189000 of 0.001000 seconds.
fmu: Doing step at 0.190000 of 0.001000 seconds.
fmu: Doing step at 0.190000 of 0.001000 seconds.
fmu: Doing step at 0.191000 of 0.001000 seconds.
fmu: Doing step at 0.191000 of 0.001000 seconds.
fmu: Doing step at 0.192000 of 0.001000 seconds.
fmu: Doing step at 0.192000 of 0.001000 seconds.
fmu: Doing step at 0.193000 of 0.001000 seconds.
fmu: Doing step at 0.193000 of 0.001000 seconds.
fmu: Doing step at 0.194000 of 0.001000 seconds.
fmu: Doing step at 0.194000 of 0.001000 seconds.
fmu: Doing step at 0.195000 of 0.001000 seconds.
fmu: Doing step at 0.195000 of 0.001000 seconds.
fmu: Doing step at 0.196000 of 0.001000 seconds.
fmu: Doing step at 0.196000 of 0.001000 seconds.
fmu: Doing step at 0.197000 of 0.001000 seconds.
fmu: Doing step at 0.197000 of 0.001000 seconds.
fmu: Doing step at 0.198000 of 0.001000 seconds.
fmu: Doing step at 0.198000 of 0.001000 seconds.
fmu: Doing step at 0.199000 of 0.001000 seconds.
fmu: Doing step at 0.199000 of 0.001000 seconds.
fmu: Doing step at 0.200000 of 0.001000 seconds.
fmu: Doing step at 0.200000 of 0.001000 seconds.
fmu: Doing step at 0.201000 of 0.001000 seconds.
fmu: Doing step at 0.201000 of 0.001000 seconds.
fmu: Doing step at 0.202000 of 0.001000 seconds.
fmu: Doing step at 0.202000 of 0.001000 seconds.
fmu: Doing step at 0.203000 of 0.001000 seconds.
fmu: Doing step at 0.203000 of 0.001000 seconds.
fmu: Doing step at 0.204000 of 0.001000 seconds.
fmu: Doing step at 0.204000 of 0.001000 seconds.
fmu: Doing step at 0.205000 of 0.001000 seconds.
fmu: Doing step at 0.205000 of 0.001000 seconds.
fmu: Doing step at 0.206000 of 0.001000 seconds.
fmu: Doing step at 0.206000 of 0.001000 seconds.
fmu: Doing step at 0.207000 of 0.001000 seconds.
fmu: Doing step at 0.207000 of 0.001000 seconds.
fmu: Doing step at 0.208000 of 0.001000 seconds.
fmu: Doing step at 0.208000 of 0.001000 seconds.
fmu: Doing step at 0.209000 of 0.001000 seconds.
fmu: Doing step at 0.209000 of 0.001000 seconds.
fmu: Doing step at 0.210000 of 0.001000 seconds.
fmu: Doing step at 0.210000 of 0.001000 seconds.
fmu: Doing step at 0.211000 of 0.001000 seconds.
fmu: Doing step at 0.211000 of 0.001000 seconds.
fmu: Doing step at 0.212000 of 0.001000 seconds.
fmu: Doing step at 0.212000 of 0.001000 seconds.
fmu: Doing step at 0.213000 of 0.001000 seconds.
fmu: Doing step at 0.213000 of 0.001000 seconds.
fmu: Doing step at 0.214000 of 0.001000 seconds.
fmu: Doing step at 0.214000 of 0.001000 seconds.
fmu: Doing step at 0.215000 of 0.001000 seconds.
fmu: Doing step at 0.215000 of 0.001000 seconds.
fmu: Doing step at 0.216000 of 0.001000 seconds.
fmu: Doing step at 0.216000 of 0.001000 seconds.
fmu: Doing step at 0.217000 of 0.001000 seconds.
fmu: Doing step at 0.217000 of 0.001000 seconds.
fmu: Doing step at 0.218000 of 0.001000 seconds.
fmu: Doing step at 0.218000 of 0.001000 seconds.
fmu: Doing step at 0.219000 of 0.001000 seconds.
fmu: Doing step at 0.219000 of 0.001000 seconds.
fmu: Doing step at 0.220000 of 0.001000 seconds.
fmu: Doing step at 0.220000 of 0.001000 seconds.
fmu: Doing step at 0.221000 of 0.001000 seconds.
fmu: Doing step at 0.221000 of 0.001000 seconds.
fmu: Doing step at 0.222000 of 0.001000 seconds.
fmu: Doing step at 0.222000 of 0.001000 seconds.
fmu: Doing step at 0.223000 of 0.001000 seconds.
fmu: Doing step at 0.223000 of 0.001000 seconds.
fmu: Doing step at 0.224000 of 0.001000 seconds.
fmu: Doing step at 0.224000 of 0.001000 seconds.
fmu: Doing step at 0.225000 of 0.001000 seconds.
fmu: Doing step at 0.225000 of 0.001000 seconds.
fmu: Doing step at 0.226000 of 0.001000 seconds.
fmu: Doing step at 0.226000 of 0.001000 seconds.
fmu: Doing step at 0.227000 of 0.001000 seconds.
fmu: Doing step at 0.227000 of 0.001000 seconds.
fmu: Doing step at 0.228000 of 0.001000 seconds.
fmu: Doing step at 0.228000 of 0.001000 seconds.
fmu: Doing step at 0.229000 of 0.001000 seconds.
fmu: Doing step at 0.229000 of 0.001000 seconds.
fmu: Doing step at 0.230000 of 0.001000 seconds.
fmu: Doing step at 0.230000 of 0.001000 seconds.
fmu: Doing step at 0.231000 of 0.001000 seconds.
fmu: Doing step at 0.231000 of 0.001000 seconds.
fmu: Doing step at 0.232000 of 0.001000 seconds.
fmu: Doing step at 0.232000 of 0.001000 seconds.
fmu: Doing step at 0.233000 of 0.001000 seconds.
fmu: Doing step at 0.233000 of 0.001000 seconds.
fmu: Doing step at 0.234000 of 0.001000 seconds.
fmu: Doing step at 0.234000 of 0.001000 seconds.
fmu: Doing step at 0.235000 of 0.001000 seconds.
fmu: Doing step at 0.235000 of 0.001000 seconds.
fmu: Doing step at 0.236000 of 0.001000 seconds.
fmu: Doing step at 0.236000 of 0.001000 seconds.
fmu: Doing step at 0.237000 of 0.001000 seconds.
fmu: Doing step at 0.237000 of 0.001000 seconds.
fmu: Doing step at 0.238000 of 0.001000 seconds.
fmu: Doing step at 0.238000 of 0.001000 seconds.
fmu: Doing step at 0.239000 of 0.001000 seconds.
fmu: Doing step at 0.239000 of 0.001000 seconds.
fmu: Doing step at 0.240000 of 0.001000 seconds.
fmu: Doing step at 0.240000 of 0.001000 seconds.
fmu: Doing step at 0.241000 of 0.001000 seconds.
fmu: Doing step at 0.241000 of 0.001000 seconds.
fmu: Doing step at 0.242000 of 0.001000 seconds.
fmu: Doing step at 0.242000 of 0.001000 seconds.
fmu: Doing step at 0.243000 of 0.001000 seconds.
fmu: Doing step at 0.243000 of 0.001000 seconds.
fmu: Doing step at 0.244000 of 0.001000 seconds.
fmu: Doing step at 0.244000 of 0.001000 seconds.
fmu: Doing step at 0.245000 of 0.001000 seconds.
fmu: Doing step at 0.245000 of 0.001000 seconds.
fmu: Doing step at 0.246000 of 0.001000 seconds.
fmu: Doing step at 0.246000 of 0.001000 seconds.
fmu: Doing step at 0.247000 of 0.001000 seconds.
fmu: Doing step at 0.247000 of 0.001000 seconds.
fmu: Doing step at 0.248000 of 0.001000 seconds.
fmu: Doing step at 0.248000 of 0.001000 seconds.
fmu: Doing step at 0.249000 of 0.001000 seconds.
fmu: Doing step at 0.249000 of 0.001000 seconds.
fmu: Doing step at 0.250000 of 0.001000 seconds.
fmu: Doing step at 0.250000 of 0.001000 seconds.
fmu: Doing step at 0.251000 of 0.001000 seconds.
fmu: Doing step at 0.251000 of 0.001000 seconds.
fmu: Doing step at 0.252000 of 0.001000 seconds.
fmu: Doing step at 0.252000 of 0.001000 seconds.
fmu: Doing step at 0.253000 of 0.001000 seconds.
fmu: Doing step at 0.253000 of 0.001000 seconds.
fmu: Doing step at 0.254000 of 0.001000 seconds.
fmu: Doing step at 0.254000 of 0.001000 seconds.
fmu: Doing step at 0.255000 of 0.001000 seconds.
fmu: Doing step at 0.255000 of 0.001000 seconds.
fmu: Doing step at 0.256000 of 0.001000 seconds.
fmu: Doing step at 0.256000 of 0.001000 seconds.
fmu: Doing step at 0.257000 of 0.001000 seconds.
fmu: Doing step at 0.257000 of 0.001000 seconds.
fmu: Doing step at 0.258000 of 0.001000 seconds.
fmu: Doing step at 0.258000 of 0.001000 seconds.
fmu: Doing step at 0.259000 of 0.001000 seconds.
fmu: Doing step at 0.259000 of 0.001000 seconds.
fmu: Doing step at 0.260000 of 0.001000 seconds.
fmu: Doing step at 0.260000 of 0.001000 seconds.
fmu: Doing step at 0.261000 of 0.001000 seconds.
fmu: Doing step at 0.261000 of 0.001000 seconds.
fmu: Doing step at 0.262000 of 0.001000 seconds.
fmu: Doing step at 0.262000 of 0.001000 seconds.
fmu: Doing step at 0.263000 of 0.001000 seconds.
fmu: Doing step at 0.263000 of 0.001000 seconds.
fmu: Doing step at 0.264000 of 0.001000 seconds.
fmu: Doing step at 0.264000 of 0.001000 seconds.
fmu: Doing step at 0.265000 of 0.001000 seconds.
fmu: Doing step at 0.265000 of 0.001000 seconds.
fmu: Doing step at 0.266000 of 0.001000 seconds.
fmu: Doing step at 0.266000 of 0.001000 seconds.
fmu: Doing step at 0.267000 of 0.001000 seconds.
fmu: Doing step at 0.267000 of 0.001000 seconds.
fmu: Doing step at 0.268000 of 0.001000 seconds.
fmu: Doing step at 0.268000 of 0.001000 seconds.
fmu: Doing step at 0.269000 of 0.001000 seconds.
fmu: Doing step at 0.269000 of 0.001000 seconds.
fmu: Doing step at 0.270000 of 0.001000 seconds.
fmu: Doing step at 0.270000 of 0.001000 seconds.
fmu: Doing step at 0.271000 of 0.001000 seconds.
fmu: Doing step at 0.271000 of 0.001000 seconds.
fmu: Doing step at 0.272000 of 0.001000 seconds.
fmu: Doing step at 0.272000 of 0.001000 seconds.
fmu: Doing step at 0.273000 of 0.001000 seconds.
fmu: Doing step at 0.273000 of 0.001000 seconds.
fmu: Doing step at 0.274000 of 0.001000 seconds.
fmu: Doing step at 0.274000 of 0.001000 seconds.
fmu: Doing step at 0.275000 of 0.001000 seconds.
fmu: Doing step at 0.275000 of 0.001000 seconds.
fmu: Doing step at 0.276000 of 0.001000 seconds.
fmu: Doing step at 0.276000 of 0.001000 seconds.
fmu: Doing step at 0.277000 of 0.001000 seconds.
fmu: Doing step at 0.277000 of 0.001000 seconds.
fmu: Doing step at 0.278000 of 0.001000 seconds.
fmu: Doing step at 0.278000 of 0.001000 seconds.
fmu: Doing step at 0.279000 of 0.001000 seconds.
fmu: Doing step at 0.279000 of 0.001000 seconds.
fmu: Doing step at 0.280000 of 0.001000 seconds.
fmu: Doing step at 0.280000 of 0.001000 seconds.
fmu: Doing step at 0.281000 of 0.001000 seconds.
fmu: Doing step at 0.281000 of 0.001000 seconds.
fmu: Doing step at 0.282000 of 0.001000 seconds.
fmu: Doing step at 0.282000 of 0.001000 seconds.
fmu: Doing step at 0.283000 of 0.001000 seconds.
fmu: Doing step at 0.283000 of 0.001000 seconds.
fmu: Doing step at 0.284000 of 0.001000 seconds.
fmu: Doing step at 0.284000 of 0.001000 seconds.
fmu: Doing step at 0.285000 of 0.001000 seconds.
fmu: Doing step at 0.285000 of 0.001000 seconds.
fmu: Doing step at 0.286000 of 0.001000 seconds.
fmu: Doing step at 0.286000 of 0.001000 seconds.
fmu: Doing step at 0.287000 of 0.001000 seconds.
fmu: Doing step at 0.287000 of 0.001000 seconds.
fmu: Doing step at 0.288000 of 0.001000 seconds.
fmu: Doing step at 0.288000 of 0.001000 seconds.
fmu: Doing step at 0.289000 of 0.001000 seconds.
fmu: Doing step at 0.289000 of 0.001000 seconds.
fmu: Doing step at 0.290000 of 0.001000 seconds.
fmu: Doing step at 0.290000 of 0.001000 seconds.
fmu: Doing step at 0.291000 of 0.001000 seconds.
fmu: Doing step at 0.291000 of 0.001000 seconds.
fmu: Doing step at 0.292000 of 0.001000 seconds.
fmu: Doing step at 0.292000 of 0.001000 seconds.
fmu: Doing step at 0.293000 of 0.001000 seconds.
fmu: Doing step at 0.293000 of 0.001000 seconds.
fmu: Doing step at 0.294000 of 0.001000 seconds.
fmu: Doing step at 0.294000 of 0.001000 seconds.
fmu: Doing step at 0.295000 of 0.001000 seconds.
fmu: Doing step at 0.295000 of 0.001000 seconds.
fmu: Doing step at 0.296000 of 0.001000 seconds.
fmu: Doing step at 0.296000 of 0.001000 seconds.
fmu: Doing step at 0.297000 of 0.001000 seconds.
fmu: Doing step at 0.297000 of 0.001000 seconds.
fmu: Doing step at 0.298000 of 0.001000 seconds.
fmu: Doing step at 0.298000 of 0.001000 seconds.
fmu: Terminating.
fmu: Instance DemoCanNodeTriggeredOutput freed.
fmu: Terminating.
fmu: Instance DemoCanNodeTriggeredOutput freed.
sil-run: participant 'can' failed: sil.participant.ParticipantFailure: Channel 'node1' states 200000000 ns as the instant of an activation of bus.Node1, and the Step it arrived in stands at 299000000 ns and ends at 300000000 ns; an activation is raised at the instant it states, so a replayed Channel declares the Latency that delivers a Message in the Step its instant belongs to
